[dotenv@17.3.1] injecting env (14) from .env -- tip: ⚙️  enable debug logging with { debug: true }
[dotenv@17.3.1] injecting env (0) from .env -- tip: ⚙️  override existing env vars with { override: true }
🔄 Using PRODUCTION credentials...
✅ Cashfree initialized with PRODUCTION environment
Cashfree SDK initialized: {
  testClientId: 'Not set',
  testClientSecret: 'Not set',
  prodClientId: 'Not set',
  prodClientSecret: 'Not set',
  currentEnvironment: 'PRODUCTION (with SANDBOX fallback)'
}
✅ Connected to MongoDB

🔄 Re-processing order: order_76bf9c14c6b4...
🎉 processPaymentSuccess called for order: order_76bf9c14c6b4
✅ Payment already fully processed (or locked) for order: order_76bf9c14c6b4

--- RESULT ---
{
  "success": true,
  "alreadyProcessed": true,
  "purchase": {
    "userDetails": {
      "name": "Happy birthday to eme",
      "email": "kartikgupta1279@gmail.com",
      "contactNo": "8619011601",
      "gender": "Female",
      "age": 19,
      "universityName": "JKLU",
      "address": "Malviya Nagar",
      "formData": {
        "amount": 1,
        "customerName": "Happy birthday to eme",
        "customerEmail": "kartikgupta1279@gmail.com",
        "customerPhone": "8619011601",
        "customerGender": "Female",
        "customerAge": "19",
        "universityName": "JKLU",
        "universityIdCard": "2345678",
        "address": "Malviya Nagar",
        "items": [
          {
            "id": "chess-Girls",
            "title": "Chess",
            "category": "Girls",
            "price": 1
          }
        ]
      },
      "teamMembers": [
        {}
      ]
    },
    "metadata": {
      "userAgent": "Mozilla/5.0 (X11; Linux x86_64) AppleWebKit/537.36 (KHTML, like Gecko) Chrome/146.0.0.0 Safari/537.36",
      "ipAddress": "15.206.153.121"
    },
    "_id": "69b9ae09c8db654ccb64d24d",
    "orderId": "order_76bf9c14c6b4",
    "userId": "69b821a0baafb5d63c21c114",
    "mainPersonId": null,
    "items": [
      {
        "type": "event",
        "itemId": "699a7a671d86fb2cc0776e21",
        "itemName": "Chess (Girls)",
        "quantity": 1,
        "price": 1,
        "_id": "69b9ae09c8db654ccb64d24e"
      }
    ],
    "subtotal": 1,
    "totalAmount": 1,
    "paymentSessionId": "session_9gFzpcAvPbUTPDg-CRBpjC5O7Ru6h1QArDNBoj_xUi80O0s896EEWBZ5Y455Me66VxG-FC3-kX-kKm6Kpv84vmrSS3BQ1eHIu9WhGgAwgeg7si4EOaxDdfB1HBZE",
    "cashfreeOrderId": null,
    "paymentStatus": "completed",
    "userRegistered": true,
    "qrGenerated": true,
    "emailSent": false,
    "purchaseDate": "2026-03-17T19:39:53.302Z",
    "__v": 0,
    "paymentCompletedAt": "2026-03-17T19:42:19.014Z",
    "qrCodeBase64": "iVBORw0KGgoAAAANSUhEUgAAAZoAAAGaCAYAAAA2BoVjAAAAAklEQVR4AewaftIAAAznSURBVO3BQQ4lx44EQQ+i73/lGO21IT6SqDctN0v/gSRJRwZJkg4NkiQdGiRJOjRIknRokCTp0CBJ0qFBkqRDgyRJhwZJkg4NkiQdGiRJOjRIknRokCTp0CBJ0qFBkqRDgyRJhwZJkg4NkiQdGiRJOvSHx5Kgf2vLRhI22rKRBP2OtmwkYaMtG0nYaMsvS8JGWzaSoH9ry0uDJEmHBkmSDg2SJB0aJEk6NEiSdGiQJOnQIEnSoUGSpEODJEmH/vCRtvwNkvBSWzaSsNGWjSRstGUjCS+1ZSMJL7XlpSS8lISNtmwkYaMtX2jLF9ryN0jCFwZJkg4NkiQdGiRJOjRIknRokCTp0CBJ0qFBkqRDgyRJhwZJkg794ccl4Qtt+WVt2UjCRls2kvCFJGy0ZSMJLyXhlyXhb5CEjbZ8IQlfaMsvGyRJOjRIknRokCTp0CBJ0qFBkqRDgyRJhwZJkg4NkiQdGiRJOvQH/ZQkvNSWjSS81JaNJLyUhI22bCThpbZ8IQkbbdlIgrQ1SJJ0aJAk6dAgSdKhQZKkQ4MkSYcGSZIODZIkHRokSTo0SJJ06A/SP9qykYSNJLzUlo0kvNSW/5IkbLRlIwkvtUX//wySJB0aJEk6NEiSdGiQJOnQIEnSoUGSpEODJEmHBkmSDg2SJB36w49ri/53Sdhoy0ZbfllbXkrCS215KQkbbflCW15KwkZbvtAW/dsgSdKhQZKkQ4MkSYcGSZIODZIkHRokSTo0SJJ0aJAk6dAgSdKhP3wkCfrftWUjCS8lYaMtG0nYaMtGEjba8lJbNpKw0ZYvJGGjLRtJ2GjLL0uC/neDJEmHBkmSDg2SJB0aJEk6NEiSdGiQJOnQIEnSoUGSpEODJEmH/vBYW/T3astLbXmpLRtJ+GVJ2GjLRhJ+WRK+0BbdGyRJOjRIknRokCTp0CBJ0qFBkqRDgyRJhwZJkg4NkiQdGiRJOpT+g4eSsNGWLyRhoy0bSfhlbXkpCV9oyxeS8FJbNpLwUls2krDRlo0kbLRlIwn/JW15KQkbbXlpkCTp0CBJ0qFBkqRDgyRJhwZJkg4NkiQdGiRJOjRIknRokCTp0B/+Ekn4Qls2krDRlo0kfKEtLyXhpSRstGWjLRtJ2EjCS23ZSMJGW15qy0YSXmrLF5LwUhJeassXBkmSDg2SJB0aJEk6NEiSdGiQJOnQIEnSoUGSpEODJEmHBkmSDv3hxyVhoy0vJeELSXgpCS+15aW2fCEJL7VlIwkvJeELSdhoy0tt2UjCRls2krDRFv3bIEnSoUGSpEODJEmHBkmSDg2SJB0aJEk6NEiSdGiQJOnQIEnSoT98JAlfSMJLbXkpCRtt+UISNtqykYSNtmy0ZSMJG215qS0bSdhoyxfa8svaspGEjbZsJGGjLRtJeKktXxgkSTo0SJJ0aJAk6dAgSdKhQZKkQ4MkSYcGSZIODZIkHRokSTqU/oO/QBJeastGEl5qy0YSXmrLRhI22rKRBN1ry39JEl5qy0tJ+GVteWmQJOnQIEnSoUGSpEODJEmHBkmSDg2SJB0aJEk6NEiSdGiQJOnQHx5LwkZbNpKw0ZYvtOWlJPyXtGUjCb+sLb8sCRtt2UjC36AtLyXhpbb8DQZJkg4NkiQdGiRJOjRIknRokCTp0CBJ0qFBkqRDgyRJhwZJkg794bG2bCRhoy1fSMIva8tGEjaSsNGWjSRstOWltryUhJeSoHtteSkJX0jCRlt+2SBJ0qFBkqRDgyRJhwZJkg4NkiQdGiRJOjRIknRokCTp0CBJ0qE/fKQtX0jCS215KQkvtWUjCV9Iwi9ryy9ry0YSNpKw0ZaNJHwhCRtt+UJbNpLwUhI22vLSIEnSoUGSpEODJEmHBkmSDg2SJB0aJEk6NEiSdGiQJOnQIEnSoT88loQvtOULSfhlSfhCWzaSsNGWjSRstOW/pC1/g7a8lISX2rKRhJeSsNGWLwySJB0aJEk6NEiSdGiQJOnQIEnSoUGSpEODJEmHBkmSDg2SJB36w49ry0tt+UISNtqykYSNtryUhI22fKEtG0n4Qls2krCRhC+0ZaMtG0nYSMJLbXkpCRtteSkJv2yQJOnQIEnSoUGSpEODJEmHBkmSDg2SJB0aJEk6NEiSdGiQJOlQ+g9+WBK+0JaNJHyhLS8l4Qtt2UjCRlteSsJLbflCEr7Qlo0kfKEtG0n4Qlv+BoMkSYcGSZIODZIkHRokSTo0SJJ0aJAk6dAgSdKhQZKkQ4MkSYf+8FgSNtryUls2kvBSWzaSsNGWL7RlIwkbbdlIwktJ+GVJ+GVteSkJL7VlIwm/rC0bSXipLV8YJEk6NEiSdGiQJOnQIEnSoUGSpEODJEmHBkmSDg2SJB0aJEk69IfH2vLL2rKRhJfa8lISXmrLL2vLS0nYaMtLSXipLS8lYaMtG235ZUl4qS1faMsvGyRJOjRIknRokCTp0CBJ0qFBkqRDgyRJhwZJkg4NkiQdGiRJOpT+gw8kYaMtG0nYaMvfIAkbbfllSfhCW35ZEjbaspGEjbZsJOGXteWlJLzUlpeSsNGWLwySJB0aJEk6NEiSdGiQJOnQIEnSoUGSpEODJEmHBkmSDg2SJB1K/8FDSfhCW76QhI22/LIkbLTlpSS81JaNJGy05aUk/Je0ZSMJL7VlIwn/JW35wiBJ0qFBkqRDgyRJhwZJkg4NkiQdGiRJOjRIknRokCTp0CBJ0qH0HzyUhI22bCThl7XlpSRstOWlJLzUlo0kbLRlIwlfaMtLSfhlbdlIwktt+UISXmrLRhI22rKRhI22vDRIknRokCTp0CBJ0qFBkqRDgyRJhwZJkg4NkiQdGiRJOjRIknToD4+15aW2vJSEjbZsJOGltmwk4aW2fKEtL7XlpST8sra8lISX2vKFJLzUlo0kbCThv2SQJOnQIEnSoUGSpEODJEmHBkmSDg2SJB0aJEk6NEiSdGiQJOnQHx5LwkZbNpLwUls2krDRlo0k/LIkbLTlpSRstGUjCRtt2WjLRhK+kISX2vJSEr7Qlr9BW15qyxcGSZIODZIkHRokSTo0SJJ0aJAk6dAgSdKhQZKkQ4MkSYcGSZIO/eGxtvyXJGGjLS+1Rb+jLRtJ2GjLS0nYSMJGW35ZEjba8suSsNGWXzZIknRokCTp0CBJ0qFBkqRDgyRJhwZJkg4NkiQdGiRJOjRIknQo/Qc/LAkbbdlIwkZbXkrCS23ZSMJGW/5LkvBSW15KwkZbNpKw0ZZfloSNtvwNkrDRlo0kbLTlpUGSpEODJEmHBkmSDg2SJB0aJEk6NEiSdGiQJOnQIEnSoUGSpEN/eCwJX0jCRlteSoL+LQlfaMtLbdlIwkZbXkrCRls2krDRll+WhF/WlpeS8MsGSZIODZIkHRokSTo0SJJ0aJAk6dAgSdKhQZKkQ4MkSYcGSZIO/eGxtvyXtOWlJOh/l4QvtOWXJWGjLRtJ2GjLF9ryhSS81JaNJGy05QuDJEmHBkmSDg2SJB0aJEk6NEiSdGiQJOnQIEnSoUGSpEODJEmH/vBYEvRvbXkpCRtt2UjCRlt+WVteSsJGWzaS8Ddoy0YSNtryhSRstOWXteWXDZIkHRokSTo0SJJ0aJAk6dAgSdKhQZKkQ4MkSYcGSZIODZIkHfrDR9ryN0jCS215KQkbbdlIwktteSkJG23ZaMtLbdlIwktt2UjCRlv+Bm35QhJeastGEjba8tIgSdKhQZKkQ4MkSYcGSZIODZIkHRokSTo0SJJ0aJAk6dAgSdKhP/y4JHyhLV9IwheSsNGWl5Kw0ZZfloSX2vJSEr7Qli8kQb9jkCTp0CBJ0qFBkqRDgyRJhwZJkg4NkiQdGiRJOjRIknRokCTp0B/0U9qykYSNtmwk4QtteaktLyXhpbb8srZsJOGltvwN2rKRhI22/A0GSZIODZIkHRokSTo0SJJ0aJAk6dAgSdKhQZKkQ4MkSYcGSZIO/UH/L7XlpbZsJOGXtWUjCb8sCV9IwkZbNpKwkYSX2rKRhI22vNSWjSRstGWjLV8YJEk6NEiSdGiQJOnQIEnSoUGSpEODJEmHBkmSDg2SJB0aJEk69Icf1xb975Kw0ZaNtryUhJeS8MuS8Mva8oW2/A2SsNGWl5Kw0ZYvDJIkHRokSTo0SJJ0aJAk6dAgSdKhQZKkQ4MkSYcGSZIODZIkHfrDR5Kgf0vCRls22vJSEr7QlpeSsNGWl5LwhbZsJGGjLS8lYaMtG0nYaMtGEjbaspGELyRhoy0vDZIkHRokSTo0SJJ0aJAk6dAgSdKhQZKkQ4MkSYcGSZIODZIkHUr/gSRJRwZJkg4NkiQdGiRJOjRIknRokCTp0CBJ0qFBkqRDgyRJhwZJkg4NkiQdGiRJOjRIknRokCTp0CBJ0qFBkqRDgyRJhwZJkg4NkiQdGiRJOvR/Vr/nMvwrhakAAAAASUVORK5CYII="
  },
  "user": {
    "emailSentBy": null,
    "_id": "69b821a0baafb5d63c21c114",
    "name": "Pranjal Jangid",
    "email": "kartikgupta1279@gmail.com",
    "events": [
      "Badminton (Singles) (Girls)",
      "Chess (Girls)"
    ],
    "isvalidated": true,
    "hasEntered": false,
    "entryTime": null,
    "universityIdCard": "2345678",
    "referralCode": "",
    "referalcount": 0,
    "contactNo": "8619011601",
    "gender": "Female",
    "age": 19,
    "universityName": "JKLU",
    "address": "Malviya Nagar",
    "emailSent": true,
    "emailSentAt": "2026-03-17T19:30:28.025Z",
    "teamRegistrations": [],
    "registrationHistory": [],
    "createdAt": "2026-03-16T15:28:32.140Z",
    "updatedAt": "2026-03-16T15:28:32.140Z",
    "qrPath": "69b821a0baafb5d63c21c114",
    "qrCodeBase64": "iVBORw0KGgoAAAANSUhEUgAAAZoAAAGaCAYAAAA2BoVjAAAAAklEQVR4AewaftIAAAznSURBVO3BQQ4lx44EQQ+i73/lGO21IT6SqDctN0v/gSRJRwZJkg4NkiQdGiRJOjRIknRokCTp0CBJ0qFBkqRDgyRJhwZJkg4NkiQdGiRJOjRIknRokCTp0CBJ0qFBkqRDgyRJhwZJkg4NkiQdGiRJOvSHx5Kgf2vLRhI22rKRBP2OtmwkYaMtG0nYaMsvS8JGWzaSoH9ry0uDJEmHBkmSDg2SJB0aJEk6NEiSdGiQJOnQIEnSoUGSpEODJEmH/vCRtvwNkvBSWzaSsNGWjSRstGUjCS+1ZSMJL7XlpSS8lISNtmwkYaMtX2jLF9ryN0jCFwZJkg4NkiQdGiRJOjRIknRokCTp0CBJ0qFBkqRDgyRJhwZJkg794ccl4Qtt+WVt2UjCRls2kvCFJGy0ZSMJLyXhlyXhb5CEjbZ8IQlfaMsvGyRJOjRIknRokCTp0CBJ0qFBkqRDgyRJhwZJkg4NkiQdGiRJOvQH/ZQkvNSWjSS81JaNJLyUhI22bCThpbZ8IQkbbdlIgrQ1SJJ0aJAk6dAgSdKhQZKkQ4MkSYcGSZIODZIkHRokSTo0SJJ06A/SP9qykYSNJLzUlo0kvNSW/5IkbLRlIwkvtUX//wySJB0aJEk6NEiSdGiQJOnQIEnSoUGSpEODJEmHBkmSDg2SJB36w49ri/53Sdhoy0ZbfllbXkrCS215KQkbbflCW15KwkZbvtAW/dsgSdKhQZKkQ4MkSYcGSZIODZIkHRokSTo0SJJ0aJAk6dAgSdKhP3wkCfrftWUjCS8lYaMtG0nYaMtGEjba8lJbNpKw0ZYvJGGjLRtJ2GjLL0uC/neDJEmHBkmSDg2SJB0aJEk6NEiSdGiQJOnQIEnSoUGSpEODJEmH/vBYW/T3astLbXmpLRtJ+GVJ2GjLRhJ+WRK+0BbdGyRJOjRIknRokCTp0CBJ0qFBkqRDgyRJhwZJkg4NkiQdGiRJOpT+g4eSsNGWLyRhoy0bSfhlbXkpCV9oyxeS8FJbNpLwUls2krDRlo0kbLRlIwn/JW15KQkbbXlpkCTp0CBJ0qFBkqRDgyRJhwZJkg4NkiQdGiRJOjRIknRokCTp0B/+Ekn4Qls2krDRlo0kfKEtLyXhpSRstGWjLRtJ2EjCS23ZSMJGW15qy0YSXmrLF5LwUhJeassXBkmSDg2SJB0aJEk6NEiSdGiQJOnQIEnSoUGSpEODJEmHBkmSDv3hxyVhoy0vJeELSXgpCS+15aW2fCEJL7VlIwkvJeELSdhoy0tt2UjCRls2krDRFv3bIEnSoUGSpEODJEmHBkmSDg2SJB0aJEk6NEiSdGiQJOnQIEnSoT98JAlfSMJLbXkpCRtt+UISNtqykYSNtmy0ZSMJG215qS0bSdhoyxfa8svaspGEjbZsJGGjLRtJeKktXxgkSTo0SJJ0aJAk6dAgSdKhQZKkQ4MkSYcGSZIODZIkHRokSTqU/oO/QBJeastGEl5qy0YSXmrLRhI22rKRBN1ry39JEl5qy0tJ+GVteWmQJOnQIEnSoUGSpEODJEmHBkmSDg2SJB0aJEk6NEiSdGiQJOnQHx5LwkZbNpKw0ZYvtOWlJPyXtGUjCb+sLb8sCRtt2UjC36AtLyXhpbb8DQZJkg4NkiQdGiRJOjRIknRokCTp0CBJ0qFBkqRDgyRJhwZJkg794bG2bCRhoy1fSMIva8tGEjaSsNGWjSRstOWltryUhJeSoHtteSkJX0jCRlt+2SBJ0qFBkqRDgyRJhwZJkg4NkiQdGiRJOjRIknRokCTp0CBJ0qE/fKQtX0jCS215KQkvtWUjCV9Iwi9ryy9ry0YSNpKw0ZaNJHwhCRtt+UJbNpLwUhI22vLSIEnSoUGSpEODJEmHBkmSDg2SJB0aJEk6NEiSdGiQJOnQIEnSoT88loQvtOULSfhlSfhCWzaSsNGWjSRstOW/pC1/g7a8lISX2rKRhJeSsNGWLwySJB0aJEk6NEiSdGiQJOnQIEnSoUGSpEODJEmHBkmSDg2SJB36w49ry0tt+UISNtqykYSNtryUhI22fKEtG0n4Qls2krCRhC+0ZaMtG0nYSMJLbXkpCRtteSkJv2yQJOnQIEnSoUGSpEODJEmHBkmSDg2SJB0aJEk6NEiSdGiQJOlQ+g9+WBK+0JaNJHyhLS8l4Qtt2UjCRlteSsJLbflCEr7Qlo0kfKEtG0n4Qlv+BoMkSYcGSZIODZIkHRokSTo0SJJ0aJAk6dAgSdKhQZKkQ4MkSYf+8FgSNtryUls2kvBSWzaSsNGWL7RlIwkbbdlIwktJ+GVJ+GVteSkJL7VlIwm/rC0bSXipLV8YJEk6NEiSdGiQJOnQIEnSoUGSpEODJEmHBkmSDg2SJB0aJEk69IfH2vLL2rKRhJfa8lISXmrLL2vLS0nYaMtLSXipLS8lYaMtG235ZUl4qS1faMsvGyRJOjRIknRokCTp0CBJ0qFBkqRDgyRJhwZJkg4NkiQdGiRJOpT+gw8kYaMtG0nYaMvfIAkbbfllSfhCW35ZEjbaspGEjbZsJOGXteWlJLzUlpeSsNGWLwySJB0aJEk6NEiSdGiQJOnQIEnSoUGSpEODJEmHBkmSDg2SJB1K/8FDSfhCW76QhI22/LIkbLTlpSS81JaNJGy05aUk/Je0ZSMJL7VlIwn/JW35wiBJ0qFBkqRDgyRJhwZJkg4NkiQdGiRJOjRIknRokCTp0CBJ0qH0HzyUhI22bCThl7XlpSRstOWlJLzUlo0kbLRlIwlfaMtLSfhlbdlIwktt+UISXmrLRhI22rKRhI22vDRIknRokCTp0CBJ0qFBkqRDgyRJhwZJkg4NkiQdGiRJOjRIknToD4+15aW2vJSEjbZsJOGltmwk4aW2fKEtL7XlpST8sra8lISX2vKFJLzUlo0kbCThv2SQJOnQIEnSoUGSpEODJEmHBkmSDg2SJB0aJEk6NEiSdGiQJOnQHx5LwkZbNpLwUls2krDRlo0k/LIkbLTlpSRstGUjCRtt2WjLRhK+kISX2vJSEr7Qlr9BW15qyxcGSZIODZIkHRokSTo0SJJ0aJAk6dAgSdKhQZKkQ4MkSYcGSZIO/eGxtvyXJGGjLS+1Rb+jLRtJ2GjLS0nYSMJGW35ZEjba8suSsNGWXzZIknRokCTp0CBJ0qFBkqRDgyRJhwZJkg4NkiQdGiRJOjRIknQo/Qc/LAkbbdlIwkZbXkrCS23ZSMJGW/5LkvBSW15KwkZbNpKw0ZZfloSNtvwNkrDRlo0kbLTlpUGSpEODJEmHBkmSDg2SJB0aJEk6NEiSdGiQJOnQIEnSoUGSpEN/eCwJX0jCRlteSoL+LQlfaMtLbdlIwkZbXkrCRls2krDRll+WhF/WlpeS8MsGSZIODZIkHRokSTo0SJJ0aJAk6dAgSdKhQZKkQ4MkSYcGSZIO/eGxtvyXtOWlJOh/l4QvtOWXJWGjLRtJ2GjLF9ryhSS81JaNJGy05QuDJEmHBkmSDg2SJB0aJEk6NEiSdGiQJOnQIEnSoUGSpEODJEmH/vBYEvRvbXkpCRtt2UjCRlt+WVteSsJGWzaS8Ddoy0YSNtryhSRstOWXteWXDZIkHRokSTo0SJJ0aJAk6dAgSdKhQZKkQ4MkSYcGSZIODZIkHfrDR9ryN0jCS215KQkbbdlIwktteSkJG23ZaMtLbdlIwktt2UjCRlv+Bm35QhJeastGEjba8tIgSdKhQZKkQ4MkSYcGSZIODZIkHRokSTo0SJJ0aJAk6dAgSdKhP/y4JHyhLV9IwheSsNGWl5Kw0ZZfloSX2vJSEr7Qli8kQb9jkCTp0CBJ0qFBkqRDgyRJhwZJkg4NkiQdGiRJOjRIknRokCTp0B/0U9qykYSNtmwk4QtteaktLyXhpbb8srZsJOGltvwN2rKRhI22/A0GSZIODZIkHRokSTo0SJJ0aJAk6dAgSdKhQZKkQ4MkSYcGSZIO/UH/L7XlpbZsJOGXtWUjCb8sCV9IwkZbNpKwkYSX2rKRhI22vNSWjSRstGWjLV8YJEk6NEiSdGiQJOnQIEnSoUGSpEODJEmHBkmSDg2SJB0aJEk69Icf1xb975Kw0ZaNtryUhJeS8MuS8Mva8oW2/A2SsNGWl5Kw0ZYvDJIkHRokSTo0SJJ0aJAk6dAgSdKhQZKkQ4MkSYcGSZIODZIkHfrDR5Kgf0vCRls22vJSEr7QlpeSsNGWl5LwhbZsJGGjLS8lYaMtG0nYaMtGEjbaspGELyRhoy0vDZIkHRokSTo0SJJ0aJAk6dAgSdKhQZKkQ4MkSYcGSZIODZIkHUr/gSRJRwZJkg4NkiQdGiRJOjRIknRokCTp0CBJ0qFBkqRDgyRJhwZJkg4NkiQdGiRJOjRIknRokCTp0CBJ0qFBkqRDgyRJhwZJkg4NkiQdGiRJOvR/Vr/nMvwrhakAAAAASUVORK5CYII=",
    "__v": 1,
    "isAdmin": false,
    "referalID": "orOrnR3To"
  }
}
